// Vitest Snapshot v1, https://vitest.dev/guide/snapshot.html

exports[`golden corpus > summarizes every file (snapshot) 1`] = `
[
  {
    "artist": "BLACKPINK",
    "bpm": 389.8,
    "chart": true,
    "encoding": "windows-1252",
    "file": "BLACKPINK - How You Like That/BLACKPINK - How You Like That.txt",
    "gapMs": 7819,
    "notes": 469,
    "phrases": 68,
    "title": "How You Like That",
    "voices": 1,
    "warnings": 0,
  },
  {
    "artist": "Cowboy Billie Boem",
    "bpm": 148.36,
    "chart": true,
    "encoding": "utf-8",
    "file": "Cowboy Billie Boem/Cowboy Billie Boem - Pannekoekenlied/Cowboy Billie Boem - Pannekoekenlied.txt",
    "gapMs": 11424,
    "notes": 354,
    "phrases": 53,
    "title": "Pannekoekenlied",
    "voices": 1,
    "warnings": 0,
  },
  {
    "artist": "Crayon Pop",
    "bpm": 378.22,
    "chart": true,
    "encoding": "utf-8",
    "file": "Crayon Pop/Crayon Pop - Bing Bing/Crayon Pop - Bing Bing.txt",
    "gapMs": 43550,
    "notes": 544,
    "phrases": 68,
    "title": "Bing Bing (Freestyle)",
    "voices": 1,
    "warnings": 0,
  },
  {
    "artist": "Crayon Pop",
    "bpm": 268.16,
    "chart": true,
    "encoding": "utf-8",
    "file": "Crayon Pop/Crayon pop - Dancing all night/Crayon Pop - Dancing All Night (Freestyle).txt",
    "gapMs": 6217,
    "notes": 559,
    "phrases": 51,
    "title": "Dancing All Night (Freestyle)",
    "voices": 1,
    "warnings": 0,
  },
  {
    "artist": "Crayon Pop",
    "bpm": 271.53,
    "chart": true,
    "encoding": "windows-1252",
    "file": "Crayon Pop/Crayon Pop - Saturday Night/Crayon Pop - Saturday Night (Freestyle).txt",
    "gapMs": 28780,
    "notes": 404,
    "phrases": 48,
    "title": "Saturday Night (Freestyle)",
    "voices": 1,
    "warnings": 0,
  },
  {
    "artist": "Crazy B & UNDEAD",
    "bpm": 280,
    "chart": true,
    "encoding": "utf-8",
    "file": "Crazy B/Crazy B & UNDEAD - U.S.A/Crazy B & UNDEAD - U.S.A..txt",
    "gapMs": 3792,
    "notes": 375,
    "phrases": 34,
    "title": "U.S.A.",
    "voices": 1,
    "warnings": 0,
  },
  {
    "artist": "Cream",
    "bpm": 180,
    "chart": true,
    "encoding": "utf-8",
    "file": "Cream/White Room/notes.txt",
    "gapMs": 0,
    "notes": 211,
    "phrases": 18,
    "title": "White Room",
    "voices": 1,
    "warnings": 17,
  },
  {
    "artist": "Creed",
    "bpm": 311.6,
    "chart": true,
    "encoding": "utf-8",
    "file": "Creed/Creed - Higher/Creed - Higher.txt",
    "gapMs": 15700,
    "notes": 409,
    "phrases": 54,
    "title": "Higher",
    "voices": 1,
    "warnings": 0,
  },
  {
    "artist": "Creed",
    "bpm": 308,
    "chart": true,
    "encoding": "utf-8",
    "file": "Creed/Creed - My Own Prison/Creed - My Own Prison.txt",
    "gapMs": 9300,
    "notes": 425,
    "phrases": 60,
    "title": "My Own Prison",
    "voices": 1,
    "warnings": 0,
  },
  {
    "artist": "Creed",
    "bpm": 293.26,
    "chart": true,
    "encoding": "utf-8",
    "file": "Creed/Creed - My sacrifice/Creed - My sacrifice.txt",
    "gapMs": 33870,
    "notes": 302,
    "phrases": 58,
    "title": "My sacrifice",
    "voices": 1,
    "warnings": 0,
  },
  {
    "artist": "Creed",
    "bpm": 139,
    "chart": true,
    "encoding": "utf-8",
    "file": "Creed/Creed - With Arms Wide Open/Creed - With Arms Wide Open.txt",
    "gapMs": 18500,
    "notes": 285,
    "phrases": 58,
    "title": "With Arms Wide Open",
    "voices": 1,
    "warnings": 0,
  },
  {
    "artist": "Creedence Clearwater Revival",
    "bpm": 358,
    "chart": true,
    "encoding": "utf-8",
    "file": "Creedence Clearwater Revival/Creedence Clearwater Revival - Bad Moon Rising/Creedence Clearwater Revival - Bad Moon Rising.txt",
    "gapMs": 11183,
    "notes": 183,
    "phrases": 35,
    "title": "Bad Moon Rising",
    "voices": 1,
    "warnings": 0,
  },
  {
    "artist": "Creedence Clearwater Revival",
    "bpm": 396.62,
    "chart": true,
    "encoding": "utf-8",
    "file": "Creedence Clearwater Revival/Creedence Clearwater Revival - Born On The Bayou/Creedence Clearwater Revival - Born On The Bayou.txt",
    "gapMs": 16998,
    "notes": 293,
    "phrases": 41,
    "title": "Born On The Bayou",
    "voices": 1,
    "warnings": 0,
  },
  {
    "artist": "Creedence Clearwater Revival",
    "bpm": 398.35,
    "chart": true,
    "encoding": "utf-8",
    "file": "Creedence Clearwater Revival/Creedence Clearwater Revival - Commotion/Creedence Clearwater Revival - Commotion.txt",
    "gapMs": 18144,
    "notes": 222,
    "phrases": 36,
    "title": "Commotion",
    "voices": 1,
    "warnings": 0,
  },
  {
    "artist": "Creedence Clearwater Revival",
    "bpm": 216.63,
    "chart": true,
    "encoding": "utf-8",
    "file": "Creedence Clearwater Revival/Creedence Clearwater Revival - Down on the Corner/Creedence Clearwater Revival - Down on the Corner.txt",
    "gapMs": 20733,
    "notes": 380,
    "phrases": 48,
    "title": "Down on the Corner",
    "voices": 1,
    "warnings": 0,
  },
  {
    "artist": "Creedence Clearwater Revival",
    "bpm": 397.8,
    "chart": true,
    "encoding": "utf-8",
    "file": "Creedence Clearwater Revival/Creedence Clearwater Revival - Fortunate Son/Creedence Clearwater Revival - Fortunate Son.txt",
    "gapMs": 7550,
    "notes": 226,
    "phrases": 41,
    "title": "Fortunate Son",
    "voices": 1,
    "warnings": 0,
  },
  {
    "artist": "Creedence Clearwater Revival",
    "bpm": 392.94,
    "chart": true,
    "encoding": "utf-8",
    "file": "Creedence Clearwater Revival/Creedence Clearwater Revival - Green River/Creedence Clearwater Revival - Green River.txt",
    "gapMs": 12180,
    "notes": 189,
    "phrases": 27,
    "title": "Green River",
    "voices": 1,
    "warnings": 0,
  },
  {
    "artist": "Creedence Clearwater Revival",
    "bpm": 242.96,
    "chart": true,
    "encoding": "utf-8",
    "file": "Creedence Clearwater Revival/Creedence Clearwater Revival - Have You Ever Seen The Rain/Creedence Clearwater Revival - Have You Ever Seen The Rain.txt",
    "gapMs": 13682,
    "notes": 269,
    "phrases": 35,
    "title": "Have You Ever Seen The Rain",
    "voices": 1,
    "warnings": 0,
  },
  {
    "artist": "Creedence Clearwater Revival",
    "bpm": 391.64,
    "chart": true,
    "encoding": "utf-8",
    "file": "Creedence Clearwater Revival/Creedence Clearwater Revival - I Heard It Through The Grapevine/Creedence Clearwater Revival - I Heard It Through The Grapevine.txt",
    "gapMs": 15480,
    "notes": 436,
    "phrases": 46,
    "title": "I Heard It Through The Grapevine",
    "voices": 1,
    "warnings": 0,
  },
  {
    "artist": "Creedence Clearwater Revival",
    "bpm": 207.52,
    "chart": true,
    "encoding": "windows-1252",
    "file": "Creedence Clearwater Revival/Creedence Clearwater Revival - I put a spell on you/Creedence Clearwater Revival - I put a spell on you.txt",
    "gapMs": 15299,
    "notes": 192,
    "phrases": 26,
    "title": "I put a spell on you",
    "voices": 1,
    "warnings": 0,
  },
  {
    "artist": "Creedence Clearwater Revival",
    "bpm": 398.67,
    "chart": true,
    "encoding": "utf-8",
    "file": "Creedence Clearwater Revival/Creedence Clearwater Revival - Lodi/Creedence Clearwater Revival - Lodi.txt",
    "gapMs": 10640,
    "notes": 281,
    "phrases": 35,
    "title": "Lodi",
    "voices": 1,
    "warnings": 0,
  },
  {
    "artist": "Creedence Clearwater Revival",
    "bpm": 221.4,
    "chart": true,
    "encoding": "utf-8",
    "file": "Creedence Clearwater Revival/Creedence Clearwater Revival - Lookin' Out My Back Door/Creedence Clearwater Revival - Lookin' Out My Back Door.txt",
    "gapMs": 17957,
    "notes": 320,
    "phrases": 35,
    "title": "Lookin' Out My Back Door",
    "voices": 1,
    "warnings": 0,
  },
  {
    "artist": "Creedence Clearwater Revival",
    "bpm": 363,
    "chart": true,
    "encoding": "utf-8",
    "file": "Creedence Clearwater Revival/Creedence Clearwater Revival - Proud Mary/Creedence Clearwater Revival - Proud Mary.txt",
    "gapMs": 12360,
    "notes": 233,
    "phrases": 51,
    "title": "Proud Mary",
    "voices": 1,
    "warnings": 0,
  },
  {
    "artist": "Creedence Clearwater Revival",
    "bpm": 270.27,
    "chart": true,
    "encoding": "utf-8",
    "file": "Creedence Clearwater Revival/Creedence Clearwater Revival - Run Through the Jungle/Creedence Clearwater Revival - Run Through the Jungle.txt",
    "gapMs": 29083,
    "notes": 180,
    "phrases": 24,
    "title": "Run Through the Jungle",
    "voices": 1,
    "warnings": 0,
  },
  {
    "artist": "Creedence Clearwater Revival",
    "bpm": 391.83,
    "chart": true,
    "encoding": "utf-8",
    "file": "Creedence Clearwater Revival/Creedence Clearwater Revival - Susie Q/Creedence Clearwater Revival - Susie Q.txt",
    "gapMs": 27960,
    "notes": 218,
    "phrases": 34,
    "title": "Susie Q",
    "voices": 1,
    "warnings": 0,
  },
  {
    "artist": "Creedence Clearwater Revival",
    "bpm": 399.13,
    "chart": true,
    "encoding": "utf-8",
    "file": "Creedence Clearwater Revival/Creedence Clearwater Revival - Travelin' Band/Creedence Clearwater Revival - Travelin' Band.txt",
    "gapMs": 8560,
    "notes": 341,
    "phrases": 48,
    "title": "Travelin' Band",
    "voices": 1,
    "warnings": 0,
  },
  {
    "artist": "Creedence Clearwater Revival",
    "bpm": 389.19,
    "chart": true,
    "encoding": "utf-8",
    "file": "Creedence Clearwater Revival/Creedence Clearwater Revival - Up Around the Bend/Creedence Clearwater Revival - Up Around the Bend.txt",
    "gapMs": 15340,
    "notes": 222,
    "phrases": 34,
    "title": "Up Around the Bend",
    "voices": 1,
    "warnings": 0,
  },
  {
    "artist": "Creedence Clearwater Revival",
    "bpm": 398.75,
    "chart": true,
    "encoding": "utf-8",
    "file": "Creedence Clearwater Revival/Creedence Clearwater Revival - Who'll Stop The Rain/Creedence Clearwater Revival - Who'll Stop The Rain.txt",
    "gapMs": 11779,
    "notes": 187,
    "phrases": 27,
    "title": "Who'll Stop The Rain",
    "voices": 1,
    "warnings": 0,
  },
  {
    "artist": "Creepy Nuts",
    "bpm": 314,
    "chart": true,
    "encoding": "utf-8",
    "file": "Creepy Nuts/Creepy Nuts - Bling-Bang-Bang-Born (TV)/Creepy Nuts - Bling-Bang-Bang-Born (TV).txt",
    "gapMs": 1985,
    "notes": 440,
    "phrases": 53,
    "title": "Bling-Bang-Bang-Born (TV)",
    "voices": 2,
    "warnings": 0,
  },
  {
    "artist": "Creepy Nuts",
    "bpm": 399.92,
    "chart": true,
    "encoding": "utf-8",
    "file": "Creepy Nuts/Creepy Nuts - Daten (TV)/Creepy Nuts - Daten (TV).txt",
    "gapMs": 663,
    "notes": 297,
    "phrases": 42,
    "title": "Daten (TV)",
    "voices": 1,
    "warnings": 0,
  },
  {
    "artist": "Creepy Nuts",
    "bpm": 459.92,
    "chart": true,
    "encoding": "utf-8",
    "file": "Creepy Nuts/Creepy Nuts - Yofukashi no Uta (TV)/Creepy Nuts - Yofukashi no Uta (TV).txt",
    "gapMs": 3606,
    "notes": 410,
    "phrases": 44,
    "title": "Yofukashi no Uta (TV)",
    "voices": 1,
    "warnings": 0,
  },
  {
    "artist": "Creepy Nuts",
    "bpm": 340,
    "chart": true,
    "encoding": "utf-8",
    "file": "Creepy Nuts/Creepy Nuts - オトノケ (Otonoke)/Creepy Nuts - オトノケ (Otonoke).txt",
    "gapMs": 5973,
    "notes": 855,
    "phrases": 80,
    "title": "オトノケ (Otonoke)",
    "voices": 2,
    "warnings": 0,
  },
  {
    "artist": "Creepy Nuts",
    "bpm": 340,
    "chart": true,
    "encoding": "utf-8",
    "file": "Creepy Nuts/Creepy Nuts - オトノケ (Otonoke) (TV)/Creepy Nuts - オトノケ (Otonoke) (TV).txt",
    "gapMs": 428,
    "notes": 453,
    "phrases": 41,
    "title": "オトノケ (Otonoke) (TV)",
    "voices": 1,
    "warnings": 0,
  },
  {
    "artist": "Crush 40",
    "bpm": 339.66,
    "chart": true,
    "encoding": "utf-8",
    "file": "Crush 40/Crush 40 - All Hail Shadow/Crush 40 - All Hail Shadow.txt",
    "gapMs": 23111,
    "notes": 359,
    "phrases": 39,
    "title": "All Hail Shadow",
    "voices": 1,
    "warnings": 0,
  },
  {
    "artist": "Crush 40",
    "bpm": 260.07,
    "chart": true,
    "encoding": "utf-8",
    "file": "Crush 40/Crush 40 - City Escape/Crush 40 - City Escape.txt",
    "gapMs": 5720,
    "notes": 279,
    "phrases": 47,
    "title": "City Escape",
    "voices": 1,
    "warnings": 0,
  },
  {
    "artist": "Crush 40",
    "bpm": 95,
    "chart": true,
    "encoding": "utf-8",
    "file": "Crush 40/Crush 40 - I Am (All of Me)/Crush 40 - I Am (All of Me).txt",
    "gapMs": 28807,
    "notes": 488,
    "phrases": 108,
    "title": "I Am (All of Me)",
    "voices": 1,
    "warnings": 0,
  },
  {
    "artist": "Crush 40",
    "bpm": 95,
    "chart": true,
    "encoding": "utf-8",
    "file": "Crush 40/Crush 40 - I Am (All of Me) (Miku ver)/Crush 40 - I Am (All of Me) (Miku ver).txt",
    "gapMs": 28897,
    "notes": 488,
    "phrases": 108,
    "title": "I Am (All of Me) (Miku Ver)",
    "voices": 1,
    "warnings": 0,
  },
  {
    "artist": "Crush 40",
    "bpm": 343.2,
    "chart": true,
    "encoding": "utf-8",
    "file": "Crush 40/Crush 40 - Live and Learn/Crush 40 - Live and Learn.txt",
    "gapMs": 16960,
    "notes": 386,
    "phrases": 70,
    "title": "Live and Learn",
    "voices": 1,
    "warnings": 0,
  },
  {
    "artist": "Crush 40",
    "bpm": 316.53,
    "chart": true,
    "encoding": "utf-8",
    "file": "Crush 40/Crush 40 - Open Your Heart/Crush 40 - Open Your Heart.txt",
    "gapMs": 23518,
    "notes": 459,
    "phrases": 67,
    "title": "Open Your Heart",
    "voices": 1,
    "warnings": 0,
  },
  {
    "artist": "Crush 40",
    "bpm": 377.48,
    "chart": true,
    "encoding": "utf-8",
    "file": "Crush 40/Crush 40 - Sonic Heroes/Crush 40 - Sonic Heroes.txt",
    "gapMs": 17262,
    "notes": 330,
    "phrases": 52,
    "title": "Sonic Heroes",
    "voices": 1,
    "warnings": 0,
  },
  {
    "artist": "Crystal Fighters",
    "bpm": 180,
    "chart": true,
    "encoding": "utf-8",
    "file": "Crystal Fighters/Plage/notes.txt",
    "gapMs": 0,
    "notes": 305,
    "phrases": 66,
    "title": "Plage",
    "voices": 1,
    "warnings": 65,
  },
  {
    "artist": "Crystal Kay",
    "bpm": 203.95,
    "chart": true,
    "encoding": "utf-8",
    "file": "Crystal Kay/Crystal Kay - Konna ni Chikaku de... (TV)/Crystal Kay - Konna ni Chikaku de... (TV).txt",
    "gapMs": 2398,
    "notes": 255,
    "phrases": 25,
    "title": "Konna ni Chikaku de... (TV)",
    "voices": 1,
    "warnings": 0,
  },
  {
    "artist": "Crystal Kay",
    "bpm": 180,
    "chart": true,
    "encoding": "utf-8",
    "file": "Crystal Kay - Motherland/notes.txt",
    "gapMs": 0,
    "notes": 463,
    "phrases": 65,
    "title": "Motherland",
    "voices": 1,
    "warnings": 64,
  },
  {
    "artist": "Crystal King",
    "bpm": 318,
    "chart": true,
    "encoding": "utf-8",
    "file": "Crystal King - Ai wo torimodose!!/Crystal King - Ai wo torimodose!!.txt",
    "gapMs": 38233,
    "notes": 408,
    "phrases": 63,
    "title": "Ai wo torimodose!!",
    "voices": 1,
    "warnings": 0,
  },
  {
    "artist": "Filthy Frank",
    "bpm": 180,
    "chart": true,
    "encoding": "utf-8",
    "file": "Filthy Frank/filthy frank - I am beautiful/notes-fixed.txt",
    "gapMs": -50,
    "notes": 88,
    "phrases": 13,
    "title": "INSECURITY INTENSIFIES",
    "voices": 1,
    "warnings": 0,
  },
  {
    "artist": "KANA-BOON",
    "bpm": 366.04,
    "chart": true,
    "encoding": "utf-8",
    "file": "Filthy Frank/Filthy Frank Anime Opening/KANA-BOON - Silhouette (TV).txt",
    "gapMs": 14105,
    "notes": 207,
    "phrases": 25,
    "title": "Silhouette (Filthy Frank Anime OP ver)",
    "voices": 1,
    "warnings": 0,
  },
  {
    "artist": "Bon Odori",
    "bpm": 254.41,
    "chart": true,
    "encoding": "utf-8",
    "file": "Matsumoto Bon Bon/MatsumotoBonBon.txt",
    "gapMs": 15255,
    "notes": 425,
    "phrases": 40,
    "title": "Matsumoto Bon",
    "voices": 1,
    "warnings": 0,
  },
  {
    "artist": "Shinsei Kamattechan",
    "bpm": 287.94,
    "chart": true,
    "encoding": "windows-1252",
    "file": "Shinsei Kamattechan - Boku no Sensou (My War) Full Version/Shinsei Kamattechan - Boku no Sensou (My War) - Full Version merged.txt",
    "gapMs": 13625,
    "notes": 873,
    "phrases": 118,
    "title": "Boku no Sensou (My War) - Full Version",
    "voices": 2,
    "warnings": 0,
  },
]
`;
